source:
((lambda (x y) (+ x y)) 3 4 5)

error:
Type error: arity mismatch
the expected number of arguments does not match the given number
  expected: 3, given: 2

