source:
(car (list))

error:
Type error: (pair? ()) is false

