source:
x

error:
ReferenceError: x is not defined

