source:
(12)

error:
Type error: Cannot apply to 12!

