source:
(cdr (list))

error:
Type error: (pair? ()) is false

