source:
((list 1 2 3) 4)

error:
Type error: cannot apply to cons cells

