source:
1 3 4

===============

Syntax error: File not ended
