source:
(if (> x y) 10 20 30

===============

Syntax error: expect )
