source:
(+ 1 3 4

===============

Syntax error: expect )
