source:
(if (> x y)

===============

Syntax error: unexpected token when parsing expression
