source:
(define x 42)

===============

(define x (const 42))
