source:
)

===============

Syntax error: unexpected token when parsing expression
