source:
(+ 1 3 4)

===============

(app (var +) (const 1) (const 3) (const 4))
