source:
(require)

===============

Syntax error: ) is not a valid module name
