source:
(if (> x y) 10

===============

Syntax error: unexpected end of file when parsing expression
