source:
(define x)

===============

Syntax error: unexpected token ) when parsing expression
