source:
(require list)

===============

(require list)
