source:
(if (> x y) x y)

===============

(if (app (var >) (var x) (var y)) (var x) (var y))
