source:
(define x 2 2)

===============

Syntax error: expect )
