source:
(lambda (x y) (+ x y))

===============

(lambda (x y) (app (var +) (var x) (var y)))
