source:
(require x y)

===============

Syntax error: expect )
